scaledmarkets/dabl/node/TInputs.class
scaledmarkets/dabl/node/TPassword.class
scaledmarkets/dabl/node/AOtaskDeclaration.class
scaledmarkets/dabl/node/POexpr.class
scaledmarkets/dabl/node/TTranslation.class
scaledmarkets/dabl/node/APlusObinaryOp.class
scaledmarkets/dabl/node/TThan.class
scaledmarkets/dabl/node/ANumOnumSlot.class
scaledmarkets/dabl/node/TAsterisk.class
scaledmarkets/dabl/node/AMsOtimeUnit.class
scaledmarkets/dabl/node/TFiles.class
scaledmarkets/dabl/node/TWith.class
scaledmarkets/dabl/node/AFilesOnamespaceElt.class
scaledmarkets/dabl/node/ARepoOnamespaceElt.class
scaledmarkets/dabl/node/ALiteralOexpr.class
scaledmarkets/dabl/node/TScheme.class
scaledmarkets/dabl/node/AFalseOlogicLiteral.class
scaledmarkets/dabl/node/TTo.class
scaledmarkets/dabl/node/AIntOnumericLiteral.class
scaledmarkets/dabl/node/TFalseKeyword.class
scaledmarkets/dabl/node/AExcludeOfilesetOperation.class
scaledmarkets/dabl/node/TRightCur.class
scaledmarkets/dabl/node/TDiv.class
scaledmarkets/dabl/lexer/Lexer.class
scaledmarkets/dabl/node/TFor.class
scaledmarkets/dabl/node/TNew.class
scaledmarkets/dabl/node/TExclude.class
scaledmarkets/dabl/node/POopen.class
scaledmarkets/dabl/node/THours.class
scaledmarkets/dabl/node/Switchable.class
scaledmarkets/dabl/node/TString2.class
scaledmarkets/dabl/node/Node.class
scaledmarkets/dabl/node/AInlineOartifactSpec.class
scaledmarkets/dabl/node/AGtObinaryOp.class
scaledmarkets/dabl/node/TImport.class
scaledmarkets/dabl/node/TLeftParen.class
scaledmarkets/dabl/node/TPathKeyword.class
scaledmarkets/dabl/node/AMinOtimeUnit.class
scaledmarkets/dabl/node/ANumericOtypeSpec.class
scaledmarkets/dabl/node/TStringKeyword.class
scaledmarkets/dabl/node/TNotKeyword.class
scaledmarkets/dabl/node/TSlashslashstarcomment.class
scaledmarkets/dabl/node/ASpecifiedOtimeout.class
scaledmarkets/dabl/node/TLatest.class
scaledmarkets/dabl/node/POpreposition.class
scaledmarkets/dabl/node/POtypeSpecSeparator.class
scaledmarkets/dabl/node/AOnOpreposition.class
scaledmarkets/dabl/node/TTrueKeyword.class
scaledmarkets/dabl/node/TType.class
scaledmarkets/dabl/node/ALeObinaryOp.class
scaledmarkets/dabl/node/ASuccessOexpr.class
scaledmarkets/dabl/node/TRightBrack.class
scaledmarkets/dabl/node/TDotdot.class
scaledmarkets/dabl/node/TFilename.class
scaledmarkets/dabl/node/POsign.class
scaledmarkets/dabl/node/POfunctionDeclaration.class
scaledmarkets/dabl/node/ASeparatorOtypeSpec.class
scaledmarkets/dabl/node/ARemoteOartifactSet.class
scaledmarkets/dabl/node/POfilePreference.class
scaledmarkets/dabl/node/ANumericOliteral.class
scaledmarkets/dabl/node/ASucceededOsuccessExpr.class
scaledmarkets/dabl/node/TNlChar.class
scaledmarkets/dabl/node/ASpecifiedOstringValueOpt.class
scaledmarkets/dabl/node/POstringValueOpt.class
scaledmarkets/dabl/node/TFailed.class
scaledmarkets/dabl/node/TMs.class
scaledmarkets/dabl/parser/Parser.class
scaledmarkets/dabl/node/AOlderThanOageExpr.class
scaledmarkets/dabl/node/TMin.class
scaledmarkets/dabl/node/AWhenOpreposition.class
scaledmarkets/dabl/node/TIf.class
scaledmarkets/dabl/node/TNumericKeyword.class
scaledmarkets/dabl/lexer/Lexer$1.class
scaledmarkets/dabl/node/TSec.class
scaledmarkets/dabl/node/ALogicOliteral.class
scaledmarkets/dabl/node/AFunctionOnamespaceElt.class
scaledmarkets/dabl/node/TDef.class
scaledmarkets/dabl/node/AToOpreposition.class
scaledmarkets/dabl/node/TSpacesKeyword.class
scaledmarkets/dabl/node/POartifactSet.class
scaledmarkets/dabl/analysis/DepthFirstAdapter.class
scaledmarkets/dabl/node/TWhen.class
scaledmarkets/dabl/parser/TokenIndex.class
scaledmarkets/dabl/node/TOutputs.class
scaledmarkets/dabl/node/AMinusObinaryOp.class
scaledmarkets/dabl/node/POidRef.class
scaledmarkets/dabl/node/AUnspecifiedOtimeout.class
scaledmarkets/dabl/node/TCaret.class
scaledmarkets/dabl/lexer/LexerException.class
scaledmarkets/dabl/node/AArrayOtypeSpec.class
scaledmarkets/dabl/node/TShell.class
scaledmarkets/dabl/node/POfilesDeclaration.class
scaledmarkets/dabl/node/ATypographicOnamespaceElt.class
scaledmarkets/dabl/node/TUse.class
scaledmarkets/dabl/node/TEnd.class
scaledmarkets/dabl/node/AStringOstringLiteral.class
scaledmarkets/dabl/node/InvalidToken.class
scaledmarkets/dabl/node/POtypeSpec.class
scaledmarkets/dabl/node/TIn.class
scaledmarkets/dabl/node/TOn.class
scaledmarkets/dabl/node/ABinaryOexpr.class
scaledmarkets/dabl/node/TGets.class
scaledmarkets/dabl/node/ATestedOcompatibilitySpec.class
scaledmarkets/dabl/analysis/Analysis.class
scaledmarkets/dabl/node/ATaskOnamespaceElt.class
scaledmarkets/dabl/node/POstringLiteral.class
scaledmarkets/dabl/node/APrivateOscope.class
scaledmarkets/dabl/node/AString2OstringLiteral.class
scaledmarkets/dabl/node/TCompatible.class
scaledmarkets/dabl/node/TSlashslashcomment.class
scaledmarkets/dabl/node/POartifactDeclaration.class
scaledmarkets/dabl/node/TFrom.class
scaledmarkets/dabl/node/TFunction.class
scaledmarkets/dabl/node/TPlus.class
scaledmarkets/dabl/node/ALtObinaryOp.class
scaledmarkets/dabl/node/AAllOrangeSpec.class
scaledmarkets/dabl/node/AVersionOfilePreference.class
scaledmarkets/dabl/node/TPublic.class
scaledmarkets/dabl/node/ANewerThanOageExpr.class
scaledmarkets/dabl/node/POtaskDeclaration.class
scaledmarkets/dabl/node/TNe.class
scaledmarkets/dabl/node/POprocStmt.class
scaledmarkets/dabl/node/AWithOpreposition.class
scaledmarkets/dabl/node/TTabKeyword.class
scaledmarkets/dabl/node/POliteral.class
scaledmarkets/dabl/node/AStringOtypeSpec.class
scaledmarkets/dabl/node/TUserid.class
scaledmarkets/dabl/node/AArtifactOnamespaceElt.class
scaledmarkets/dabl/node/TLeftCur.class
scaledmarkets/dabl/analysis/ReversedDepthFirstAdapter.class
scaledmarkets/dabl/node/POnamespace.class
scaledmarkets/dabl/node/TRightParen.class
scaledmarkets/dabl/node/TDash.class
scaledmarkets/dabl/node/AStringOliteral.class
scaledmarkets/dabl/node/POnumSlot.class
scaledmarkets/dabl/node/AImportOnamespaceElt.class
scaledmarkets/dabl/node/POrangeSpec.class
scaledmarkets/dabl/node/POrepoDeclaration.class
scaledmarkets/dabl/node/AOnamespace.class
scaledmarkets/dabl/node/POtargetOpt.class
scaledmarkets/dabl/node/TOrKeyword.class
scaledmarkets/dabl/node/POnamedArtifactSet.class
scaledmarkets/dabl/node/TCommaChar.class
scaledmarkets/dabl/node/TLocal.class
scaledmarkets/dabl/node/TBinds.class
scaledmarkets/dabl/node/AOfOpreposition.class
scaledmarkets/dabl/node/TDays.class
scaledmarkets/dabl/node/AAnonymousOnamedArtifactSet.class
scaledmarkets/dabl/node/TOlder.class
scaledmarkets/dabl/node/POlogicLiteral.class
scaledmarkets/dabl/node/TInclude.class
scaledmarkets/dabl/node/AFilenameOtranslationStmt.class
scaledmarkets/dabl/node/TTabChar.class
scaledmarkets/dabl/node/TId.class
scaledmarkets/dabl/node/AFailedOsuccessExpr.class
scaledmarkets/dabl/node/ANeObinaryOp.class
scaledmarkets/dabl/node/ALocalOartifactSet.class
scaledmarkets/dabl/parser/ParserException.class
scaledmarkets/dabl/node/TSemicolon.class
scaledmarkets/dabl/node/TArtifact.class
scaledmarkets/dabl/node/POcompatibilitySpec.class
scaledmarkets/dabl/node/ATabDeclOtypographicDeclaration.class
scaledmarkets/dabl/node/POtimeUnit.class
scaledmarkets/dabl/node/TNewer.class
scaledmarkets/dabl/node/AAndObinaryOp.class
scaledmarkets/dabl/node/ALogicalOtypeSpec.class
scaledmarkets/dabl/node/AOfunctionDeclaration.class
scaledmarkets/dabl/node/POfilesetOperation.class
scaledmarkets/dabl/node/APublicOscope.class
scaledmarkets/dabl/node/Token.class
scaledmarkets/dabl/node/AOpenOopen.class
scaledmarkets/dabl/node/POartifactSpec.class
scaledmarkets/dabl/node/ADivideObinaryOp.class
scaledmarkets/dabl/node/AInOpreposition.class
scaledmarkets/dabl/node/AOneOrangeSpec.class
scaledmarkets/dabl/node/ALatestTestedOfilePreference.class
scaledmarkets/dabl/node/POtranslationDeclaration.class
scaledmarkets/dabl/node/AFilesRefOartifactSpec.class
scaledmarkets/dabl/node/ASecOtimeUnit.class
scaledmarkets/dabl/node/POscope.class
scaledmarkets/dabl/node/PObinaryOp.class
scaledmarkets/dabl/node/AFromOpreposition.class
scaledmarkets/dabl/node/POunaryOp.class
scaledmarkets/dabl/node/TSlashslashslashcomment.class
scaledmarkets/dabl/lexer/Lexer$State.class
scaledmarkets/dabl/node/TRepo.class
scaledmarkets/dabl/node/POvariable.class
scaledmarkets/dabl/node/APrepositionOtypeSpecSeparator.class
scaledmarkets/dabl/node/AFuncCallOprocStmt.class
scaledmarkets/dabl/node/ATrueOlogicLiteral.class
scaledmarkets/dabl/node/ALatestCompatibleOfilePreference.class
scaledmarkets/dabl/node/POtypographicDeclaration.class
scaledmarkets/dabl/node/TSucceeded.class
scaledmarkets/dabl/node/POnamespaceElt.class
scaledmarkets/dabl/node/TLeftBrack.class
scaledmarkets/dabl/node/AClosedOopen.class
scaledmarkets/dabl/node/ANamedOnamedArtifactSet.class
scaledmarkets/dabl/node/AOrepoDeclaration.class
scaledmarkets/dabl/lexer/IPushbackReader.class
scaledmarkets/dabl/node/Switch.class
scaledmarkets/dabl/node/ATargetOtargetOpt.class
scaledmarkets/dabl/node/ANegativeOsign.class
scaledmarkets/dabl/node/TColon.class
scaledmarkets/dabl/node/AEqObinaryOp.class
scaledmarkets/dabl/node/TAssume.class
scaledmarkets/dabl/node/TSlashstarcomment.class
scaledmarkets/dabl/node/ADaysOtimeUnit.class
scaledmarkets/dabl/node/TGe.class
scaledmarkets/dabl/node/TWhitespace.class
scaledmarkets/dabl/node/AOtranslationDeclaration.class
scaledmarkets/dabl/node/TString.class
scaledmarkets/dabl/node/TTranslate.class
scaledmarkets/dabl/node/TError.class
scaledmarkets/dabl/parser/State.class
scaledmarkets/dabl/node/TLe.class
scaledmarkets/dabl/node/TLogicalKeyword.class
scaledmarkets/dabl/node/AGeObinaryOp.class
scaledmarkets/dabl/node/TAndKeyword.class
scaledmarkets/dabl/node/AUnspecifiedOstringValueOpt.class
scaledmarkets/dabl/node/TMethod.class
scaledmarkets/dabl/node/POsuccessExpr.class
scaledmarkets/dabl/node/TGit.class
scaledmarkets/dabl/node/TEquivalent.class
scaledmarkets/dabl/node/AHoursOtimeUnit.class
scaledmarkets/dabl/node/APositiveOsign.class
scaledmarkets/dabl/node/ACommaOtypeSpecSeparator.class
scaledmarkets/dabl/node/POageExpr.class
scaledmarkets/dabl/node/AOfilesDeclaration.class
scaledmarkets/dabl/node/APatternOnumericLiteral.class
scaledmarkets/dabl/node/AStaticStringExprOstringLiteral.class
scaledmarkets/dabl/node/AForOpreposition.class
scaledmarkets/dabl/node/AIfErrorOprocStmt.class
scaledmarkets/dabl/node/ANegationOunaryOp.class
scaledmarkets/dabl/node/AUnaryOexpr.class
scaledmarkets/dabl/node/TOf.class
scaledmarkets/dabl/node/AIncludeOfilesetOperation.class
scaledmarkets/dabl/node/TEq.class
scaledmarkets/dabl/node/AAgeOexpr.class
scaledmarkets/dabl/node/TTested.class
scaledmarkets/dabl/node/TPrefer.class
scaledmarkets/dabl/node/ATranslationOnamespaceElt.class
scaledmarkets/dabl/node/AArrayEltOexpr.class
scaledmarkets/dabl/node/TReturns.class
scaledmarkets/dabl/node/POtranslationStmt.class
scaledmarkets/dabl/node/AOrObinaryOp.class
scaledmarkets/dabl/node/AOartifactDeclaration.class
scaledmarkets/dabl/node/TPerChar.class
scaledmarkets/dabl/node/TQmark.class
scaledmarkets/dabl/node/TLt.class
scaledmarkets/dabl/node/TGt.class
scaledmarkets/dabl/node/AOvariable.class
scaledmarkets/dabl/node/TTask.class
scaledmarkets/dabl/node/AOidRef.class
scaledmarkets/dabl/node/ANoPreferenceOfilePreference.class
scaledmarkets/dabl/node/TNamespace.class
scaledmarkets/dabl/node/AWildcardOnumSlot.class
scaledmarkets/dabl/node/AAssumeOcompatibilitySpec.class
scaledmarkets/dabl/node/POnumericLiteral.class
scaledmarkets/dabl/node/TOpen.class
scaledmarkets/dabl/node/ANoTargetOtargetOpt.class
scaledmarkets/dabl/node/AVariableOexpr.class
scaledmarkets/dabl/node/POtimeout.class
scaledmarkets/dabl/analysis/AnalysisAdapter.class
scaledmarkets/dabl/node/AThanOpreposition.class
scaledmarkets/dabl/node/TTimeout.class
scaledmarkets/dabl/node/TArrayKeyword.class
scaledmarkets/dabl/node/ARangeOrangeSpec.class
scaledmarkets/dabl/node/TWholeNumber.class
scaledmarkets/dabl/node/EOF.class
scaledmarkets/dabl/node/AMultiplyObinaryOp.class
scaledmarkets/dabl/node/Start.class
