/Users/cliffordberg/Projects/dabl/parser/java/com/scaledmarkets/dabl/node/AArtifactOnamespaceElt.java
/Users/cliffordberg/Projects/dabl/parser/java/com/scaledmarkets/dabl/node/ASecOtimeUnit.java
/Users/cliffordberg/Projects/dabl/parser/java/com/scaledmarkets/dabl/node/ASpecifiedOstringValueOpt.java
/Users/cliffordberg/Projects/dabl/parser/java/com/scaledmarkets/dabl/node/TQmark.java
/Users/cliffordberg/Projects/dabl/parser/java/com/scaledmarkets/dabl/node/POtargetOpt.java
/Users/cliffordberg/Projects/dabl/parser/java/com/scaledmarkets/dabl/node/ASuccessOexpr.java
/Users/cliffordberg/Projects/dabl/parser/java/com/scaledmarkets/dabl/node/TLogicalKeyword.java
/Users/cliffordberg/Projects/dabl/parser/java/com/scaledmarkets/dabl/node/Start.java
/Users/cliffordberg/Projects/dabl/parser/java/com/scaledmarkets/dabl/node/POnumericLiteral.java
/Users/cliffordberg/Projects/dabl/parser/java/com/scaledmarkets/dabl/node/POscope.java
/Users/cliffordberg/Projects/dabl/parser/java/com/scaledmarkets/dabl/node/TNamespace.java
/Users/cliffordberg/Projects/dabl/parser/java/com/scaledmarkets/dabl/node/POsign.java
/Users/cliffordberg/Projects/dabl/parser/java/com/scaledmarkets/dabl/node/AString2OstringLiteral.java
/Users/cliffordberg/Projects/dabl/parser/java/com/scaledmarkets/dabl/node/AInlineOartifactSpec.java
/Users/cliffordberg/Projects/dabl/parser/java/com/scaledmarkets/dabl/node/ANoTargetOtargetOpt.java
/Users/cliffordberg/Projects/dabl/parser/java/com/scaledmarkets/dabl/node/AOnamespace.java
/Users/cliffordberg/Projects/dabl/parser/java/com/scaledmarkets/dabl/node/AStaticStringExprOstringLiteral.java
/Users/cliffordberg/Projects/dabl/parser/java/com/scaledmarkets/dabl/node/TSlashstarcomment.java
/Users/cliffordberg/Projects/dabl/parser/java/com/scaledmarkets/dabl/node/ATaskOnamespaceElt.java
/Users/cliffordberg/Projects/dabl/parser/java/com/scaledmarkets/dabl/node/AOlderThanOageExpr.java
/Users/cliffordberg/Projects/dabl/parser/java/com/scaledmarkets/dabl/node/POtypeSpecSeparator.java
/Users/cliffordberg/Projects/dabl/parser/java/com/scaledmarkets/dabl/node/ACommaOtypeSpecSeparator.java
/Users/cliffordberg/Projects/dabl/parser/java/com/scaledmarkets/dabl/node/POfunctionDeclaration.java
/Users/cliffordberg/Projects/dabl/parser/java/com/scaledmarkets/dabl/node/TSpacesKeyword.java
/Users/cliffordberg/Projects/dabl/parser/java/com/scaledmarkets/dabl/node/TTranslate.java
/Users/cliffordberg/Projects/dabl/parser/java/com/scaledmarkets/dabl/node/ATypographicOnamespaceElt.java
/Users/cliffordberg/Projects/dabl/parser/java/com/scaledmarkets/dabl/analysis/Analysis.java
/Users/cliffordberg/Projects/dabl/parser/java/com/scaledmarkets/dabl/node/TPathKeyword.java
/Users/cliffordberg/Projects/dabl/parser/java/com/scaledmarkets/dabl/node/ANegativeOsign.java
/Users/cliffordberg/Projects/dabl/parser/java/com/scaledmarkets/dabl/node/POrangeSpec.java
/Users/cliffordberg/Projects/dabl/parser/java/com/scaledmarkets/dabl/node/TWhen.java
/Users/cliffordberg/Projects/dabl/parser/java/com/scaledmarkets/dabl/node/ANumericOliteral.java
/Users/cliffordberg/Projects/dabl/parser/java/com/scaledmarkets/dabl/node/AForOpreposition.java
/Users/cliffordberg/Projects/dabl/parser/java/com/scaledmarkets/dabl/node/AVersionOfilePreference.java
/Users/cliffordberg/Projects/dabl/parser/java/com/scaledmarkets/dabl/node/ARepoOnamespaceElt.java
/Users/cliffordberg/Projects/dabl/parser/java/com/scaledmarkets/dabl/node/ALocalOartifactSet.java
/Users/cliffordberg/Projects/dabl/parser/java/com/scaledmarkets/dabl/node/POtaskDeclaration.java
/Users/cliffordberg/Projects/dabl/parser/java/com/scaledmarkets/dabl/node/TOn.java
/Users/cliffordberg/Projects/dabl/parser/java/com/scaledmarkets/dabl/node/TTrueKeyword.java
/Users/cliffordberg/Projects/dabl/parser/java/com/scaledmarkets/dabl/node/TPlus.java
/Users/cliffordberg/Projects/dabl/parser/java/com/scaledmarkets/dabl/node/TPublic.java
/Users/cliffordberg/Projects/dabl/parser/java/com/scaledmarkets/dabl/node/TUse.java
/Users/cliffordberg/Projects/dabl/parser/java/com/scaledmarkets/dabl/node/AStringOliteral.java
/Users/cliffordberg/Projects/dabl/parser/java/com/scaledmarkets/dabl/node/ANewerThanOageExpr.java
/Users/cliffordberg/Projects/dabl/parser/java/com/scaledmarkets/dabl/node/TTimeout.java
/Users/cliffordberg/Projects/dabl/parser/java/com/scaledmarkets/dabl/node/APrepositionOtypeSpecSeparator.java
/Users/cliffordberg/Projects/dabl/parser/java/com/scaledmarkets/dabl/node/TPerChar.java
/Users/cliffordberg/Projects/dabl/parser/java/com/scaledmarkets/dabl/node/TSlashslashslashcomment.java
/Users/cliffordberg/Projects/dabl/parser/java/com/scaledmarkets/dabl/node/AAllOrangeSpec.java
/Users/cliffordberg/Projects/dabl/parser/java/com/scaledmarkets/dabl/node/APlusObinaryOp.java
/Users/cliffordberg/Projects/dabl/parser/java/com/scaledmarkets/dabl/node/TUserid.java
/Users/cliffordberg/Projects/dabl/parser/java/com/scaledmarkets/dabl/node/APatternOnumericLiteral.java
/Users/cliffordberg/Projects/dabl/parser/java/com/scaledmarkets/dabl/node/InvalidToken.java
/Users/cliffordberg/Projects/dabl/parser/java/com/scaledmarkets/dabl/node/TColon.java
/Users/cliffordberg/Projects/dabl/parser/java/com/scaledmarkets/dabl/node/TTranslation.java
/Users/cliffordberg/Projects/dabl/parser/java/com/scaledmarkets/dabl/node/AArrayOtypeSpec.java
/Users/cliffordberg/Projects/dabl/parser/java/com/scaledmarkets/dabl/node/THours.java
/Users/cliffordberg/Projects/dabl/parser/java/com/scaledmarkets/dabl/node/TNumericKeyword.java
/Users/cliffordberg/Projects/dabl/parser/java/com/scaledmarkets/dabl/node/APositiveOsign.java
/Users/cliffordberg/Projects/dabl/parser/java/com/scaledmarkets/dabl/node/ALogicalOtypeSpec.java
/Users/cliffordberg/Projects/dabl/parser/java/com/scaledmarkets/dabl/node/TAssume.java
/Users/cliffordberg/Projects/dabl/parser/java/com/scaledmarkets/dabl/node/POtypeSpec.java
/Users/cliffordberg/Projects/dabl/parser/java/com/scaledmarkets/dabl/node/TTask.java
/Users/cliffordberg/Projects/dabl/parser/java/com/scaledmarkets/dabl/node/POstringLiteral.java
/Users/cliffordberg/Projects/dabl/parser/java/com/scaledmarkets/dabl/node/TInputs.java
/Users/cliffordberg/Projects/dabl/parser/java/com/scaledmarkets/dabl/node/TImport.java
/Users/cliffordberg/Projects/dabl/parser/java/com/scaledmarkets/dabl/node/TOf.java
/Users/cliffordberg/Projects/dabl/parser/java/com/scaledmarkets/dabl/node/TTo.java
/Users/cliffordberg/Projects/dabl/parser/java/com/scaledmarkets/dabl/node/AStringOstringLiteral.java
/Users/cliffordberg/Projects/dabl/parser/java/com/scaledmarkets/dabl/node/AToOpreposition.java
/Users/cliffordberg/Projects/dabl/parser/java/com/scaledmarkets/dabl/node/TLe.java
/Users/cliffordberg/Projects/dabl/parser/java/com/scaledmarkets/dabl/node/AOnOpreposition.java
/Users/cliffordberg/Projects/dabl/parser/java/com/scaledmarkets/dabl/node/POfilePreference.java
/Users/cliffordberg/Projects/dabl/parser/java/com/scaledmarkets/dabl/node/TGt.java
/Users/cliffordberg/Projects/dabl/parser/java/com/scaledmarkets/dabl/node/TEquivalent.java
/Users/cliffordberg/Projects/dabl/parser/java/com/scaledmarkets/dabl/node/POunaryOp.java
/Users/cliffordberg/Projects/dabl/parser/java/com/scaledmarkets/dabl/node/AOfilesDeclaration.java
/Users/cliffordberg/Projects/dabl/parser/java/com/scaledmarkets/dabl/lexer/Lexer.java
/Users/cliffordberg/Projects/dabl/parser/java/com/scaledmarkets/dabl/node/AOpenOopen.java
/Users/cliffordberg/Projects/dabl/parser/java/com/scaledmarkets/dabl/node/TArtifact.java
/Users/cliffordberg/Projects/dabl/parser/java/com/scaledmarkets/dabl/node/TId.java
/Users/cliffordberg/Projects/dabl/parser/java/com/scaledmarkets/dabl/node/AMinusObinaryOp.java
/Users/cliffordberg/Projects/dabl/parser/java/com/scaledmarkets/dabl/node/TIf.java
/Users/cliffordberg/Projects/dabl/parser/java/com/scaledmarkets/dabl/node/POnamedArtifactSet.java
/Users/cliffordberg/Projects/dabl/parser/java/com/scaledmarkets/dabl/node/ASeparatorOtypeSpec.java
/Users/cliffordberg/Projects/dabl/parser/java/com/scaledmarkets/dabl/node/AStringOtypeSpec.java
/Users/cliffordberg/Projects/dabl/parser/java/com/scaledmarkets/dabl/node/TAndKeyword.java
/Users/cliffordberg/Projects/dabl/parser/java/com/scaledmarkets/dabl/node/POprocStmt.java
/Users/cliffordberg/Projects/dabl/parser/java/com/scaledmarkets/dabl/node/TMin.java
/Users/cliffordberg/Projects/dabl/parser/java/com/scaledmarkets/dabl/node/TOpen.java
/Users/cliffordberg/Projects/dabl/parser/java/com/scaledmarkets/dabl/node/TRepo.java
/Users/cliffordberg/Projects/dabl/parser/java/com/scaledmarkets/dabl/node/TLeftBrack.java
/Users/cliffordberg/Projects/dabl/parser/java/com/scaledmarkets/dabl/parser/TokenIndex.java
/Users/cliffordberg/Projects/dabl/parser/java/com/scaledmarkets/dabl/node/AIncludeOfilesetOperation.java
/Users/cliffordberg/Projects/dabl/parser/java/com/scaledmarkets/dabl/node/AFailedOsuccessExpr.java
/Users/cliffordberg/Projects/dabl/parser/java/com/scaledmarkets/dabl/node/TShell.java
/Users/cliffordberg/Projects/dabl/parser/java/com/scaledmarkets/dabl/node/POartifactDeclaration.java
/Users/cliffordberg/Projects/dabl/parser/java/com/scaledmarkets/dabl/node/TRightParen.java
/Users/cliffordberg/Projects/dabl/parser/java/com/scaledmarkets/dabl/node/AMultiplyObinaryOp.java
/Users/cliffordberg/Projects/dabl/parser/java/com/scaledmarkets/dabl/node/TGe.java
/Users/cliffordberg/Projects/dabl/parser/java/com/scaledmarkets/dabl/node/TLt.java
/Users/cliffordberg/Projects/dabl/parser/java/com/scaledmarkets/dabl/node/TTabChar.java
/Users/cliffordberg/Projects/dabl/parser/java/com/scaledmarkets/dabl/node/AOrepoDeclaration.java
/Users/cliffordberg/Projects/dabl/parser/java/com/scaledmarkets/dabl/node/TTested.java
/Users/cliffordberg/Projects/dabl/parser/java/com/scaledmarkets/dabl/node/POrepoDeclaration.java
/Users/cliffordberg/Projects/dabl/parser/java/com/scaledmarkets/dabl/node/TPrefer.java
/Users/cliffordberg/Projects/dabl/parser/java/com/scaledmarkets/dabl/node/TDef.java
/Users/cliffordberg/Projects/dabl/parser/java/com/scaledmarkets/dabl/node/TDash.java
/Users/cliffordberg/Projects/dabl/parser/java/com/scaledmarkets/dabl/node/TNew.java
/Users/cliffordberg/Projects/dabl/parser/java/com/scaledmarkets/dabl/node/POtypographicDeclaration.java
/Users/cliffordberg/Projects/dabl/parser/java/com/scaledmarkets/dabl/node/AUnaryOexpr.java
/Users/cliffordberg/Projects/dabl/parser/java/com/scaledmarkets/dabl/node/AFuncCallOprocStmt.java
/Users/cliffordberg/Projects/dabl/parser/java/com/scaledmarkets/dabl/node/AOfOpreposition.java
/Users/cliffordberg/Projects/dabl/parser/java/com/scaledmarkets/dabl/node/TLeftCur.java
/Users/cliffordberg/Projects/dabl/parser/java/com/scaledmarkets/dabl/node/EOF.java
/Users/cliffordberg/Projects/dabl/parser/java/com/scaledmarkets/dabl/node/TSec.java
/Users/cliffordberg/Projects/dabl/parser/java/com/scaledmarkets/dabl/node/POfilesDeclaration.java
/Users/cliffordberg/Projects/dabl/parser/java/com/scaledmarkets/dabl/node/AVariableOexpr.java
/Users/cliffordberg/Projects/dabl/parser/java/com/scaledmarkets/dabl/node/POvariable.java
/Users/cliffordberg/Projects/dabl/parser/java/com/scaledmarkets/dabl/node/ADivideObinaryOp.java
/Users/cliffordberg/Projects/dabl/parser/java/com/scaledmarkets/dabl/node/ARemoteOartifactSet.java
/Users/cliffordberg/Projects/dabl/parser/java/com/scaledmarkets/dabl/node/TType.java
/Users/cliffordberg/Projects/dabl/parser/java/com/scaledmarkets/dabl/node/ANamedOnamedArtifactSet.java
/Users/cliffordberg/Projects/dabl/parser/java/com/scaledmarkets/dabl/node/TLeftParen.java
/Users/cliffordberg/Projects/dabl/parser/java/com/scaledmarkets/dabl/node/POpreposition.java
/Users/cliffordberg/Projects/dabl/parser/java/com/scaledmarkets/dabl/node/POlogicLiteral.java
/Users/cliffordberg/Projects/dabl/parser/java/com/scaledmarkets/dabl/node/TWholeNumber.java
/Users/cliffordberg/Projects/dabl/parser/java/com/scaledmarkets/dabl/node/ADaysOtimeUnit.java
/Users/cliffordberg/Projects/dabl/parser/java/com/scaledmarkets/dabl/node/TThan.java
/Users/cliffordberg/Projects/dabl/parser/java/com/scaledmarkets/dabl/node/TSlashslashcomment.java
/Users/cliffordberg/Projects/dabl/parser/java/com/scaledmarkets/dabl/node/POidRef.java
/Users/cliffordberg/Projects/dabl/parser/java/com/scaledmarkets/dabl/node/AFilesRefOartifactSpec.java
/Users/cliffordberg/Projects/dabl/parser/java/com/scaledmarkets/dabl/node/ATabDeclOtypographicDeclaration.java
/Users/cliffordberg/Projects/dabl/parser/java/com/scaledmarkets/dabl/node/TDays.java
/Users/cliffordberg/Projects/dabl/parser/java/com/scaledmarkets/dabl/node/TExclude.java
/Users/cliffordberg/Projects/dabl/parser/java/com/scaledmarkets/dabl/node/AInOpreposition.java
/Users/cliffordberg/Projects/dabl/parser/java/com/scaledmarkets/dabl/node/TEq.java
/Users/cliffordberg/Projects/dabl/parser/java/com/scaledmarkets/dabl/node/AOrObinaryOp.java
/Users/cliffordberg/Projects/dabl/parser/java/com/scaledmarkets/dabl/node/TNlChar.java
/Users/cliffordberg/Projects/dabl/parser/java/com/scaledmarkets/dabl/node/TOrKeyword.java
/Users/cliffordberg/Projects/dabl/parser/java/com/scaledmarkets/dabl/node/AAndObinaryOp.java
/Users/cliffordberg/Projects/dabl/parser/java/com/scaledmarkets/dabl/node/ALeObinaryOp.java
/Users/cliffordberg/Projects/dabl/parser/java/com/scaledmarkets/dabl/node/Token.java
/Users/cliffordberg/Projects/dabl/parser/java/com/scaledmarkets/dabl/node/AAgeOexpr.java
/Users/cliffordberg/Projects/dabl/parser/java/com/scaledmarkets/dabl/node/TCaret.java
/Users/cliffordberg/Projects/dabl/parser/java/com/scaledmarkets/dabl/analysis/AnalysisAdapter.java
/Users/cliffordberg/Projects/dabl/parser/java/com/scaledmarkets/dabl/node/TFilename.java
/Users/cliffordberg/Projects/dabl/parser/java/com/scaledmarkets/dabl/node/TEnd.java
/Users/cliffordberg/Projects/dabl/parser/java/com/scaledmarkets/dabl/node/AFromOpreposition.java
/Users/cliffordberg/Projects/dabl/parser/java/com/scaledmarkets/dabl/node/POnumSlot.java
/Users/cliffordberg/Projects/dabl/parser/java/com/scaledmarkets/dabl/node/TWhitespace.java
/Users/cliffordberg/Projects/dabl/parser/java/com/scaledmarkets/dabl/node/AAnonymousOnamedArtifactSet.java
/Users/cliffordberg/Projects/dabl/parser/java/com/scaledmarkets/dabl/node/TArrayKeyword.java
/Users/cliffordberg/Projects/dabl/parser/java/com/scaledmarkets/dabl/node/AUnspecifiedOstringValueOpt.java
/Users/cliffordberg/Projects/dabl/parser/java/com/scaledmarkets/dabl/node/TCompatible.java
/Users/cliffordberg/Projects/dabl/parser/java/com/scaledmarkets/dabl/node/AAssumeOcompatibilitySpec.java
/Users/cliffordberg/Projects/dabl/parser/java/com/scaledmarkets/dabl/node/AIntOnumericLiteral.java
/Users/cliffordberg/Projects/dabl/parser/java/com/scaledmarkets/dabl/node/TString2.java
/Users/cliffordberg/Projects/dabl/parser/java/com/scaledmarkets/dabl/analysis/ReversedDepthFirstAdapter.java
/Users/cliffordberg/Projects/dabl/parser/java/com/scaledmarkets/dabl/node/TGit.java
/Users/cliffordberg/Projects/dabl/parser/java/com/scaledmarkets/dabl/node/TNe.java
/Users/cliffordberg/Projects/dabl/parser/java/com/scaledmarkets/dabl/node/AOtranslationDeclaration.java
/Users/cliffordberg/Projects/dabl/parser/java/com/scaledmarkets/dabl/node/TSucceeded.java
/Users/cliffordberg/Projects/dabl/parser/java/com/scaledmarkets/dabl/node/AOvariable.java
/Users/cliffordberg/Projects/dabl/parser/java/com/scaledmarkets/dabl/node/AMsOtimeUnit.java
/Users/cliffordberg/Projects/dabl/parser/java/com/scaledmarkets/dabl/node/AOfunctionDeclaration.java
/Users/cliffordberg/Projects/dabl/parser/java/com/scaledmarkets/dabl/node/AWildcardOnumSlot.java
/Users/cliffordberg/Projects/dabl/parser/java/com/scaledmarkets/dabl/lexer/LexerException.java
/Users/cliffordberg/Projects/dabl/parser/java/com/scaledmarkets/dabl/node/AFunctionOnamespaceElt.java
/Users/cliffordberg/Projects/dabl/parser/java/com/scaledmarkets/dabl/node/POageExpr.java
/Users/cliffordberg/Projects/dabl/parser/java/com/scaledmarkets/dabl/node/POliteral.java
/Users/cliffordberg/Projects/dabl/parser/java/com/scaledmarkets/dabl/node/ALatestCompatibleOfilePreference.java
/Users/cliffordberg/Projects/dabl/parser/java/com/scaledmarkets/dabl/node/TDiv.java
/Users/cliffordberg/Projects/dabl/parser/java/com/scaledmarkets/dabl/node/TNewer.java
/Users/cliffordberg/Projects/dabl/parser/java/com/scaledmarkets/dabl/node/AFilesOnamespaceElt.java
/Users/cliffordberg/Projects/dabl/parser/java/com/scaledmarkets/dabl/node/TIn.java
/Users/cliffordberg/Projects/dabl/parser/java/com/scaledmarkets/dabl/node/TMs.java
/Users/cliffordberg/Projects/dabl/parser/java/com/scaledmarkets/dabl/node/TLocal.java
/Users/cliffordberg/Projects/dabl/parser/java/com/scaledmarkets/dabl/node/TOlder.java
/Users/cliffordberg/Projects/dabl/parser/java/com/scaledmarkets/dabl/analysis/DepthFirstAdapter.java
/Users/cliffordberg/Projects/dabl/parser/java/com/scaledmarkets/dabl/node/TRightBrack.java
/Users/cliffordberg/Projects/dabl/parser/java/com/scaledmarkets/dabl/node/AUnspecifiedOtimeout.java
/Users/cliffordberg/Projects/dabl/parser/java/com/scaledmarkets/dabl/node/TTabKeyword.java
/Users/cliffordberg/Projects/dabl/parser/java/com/scaledmarkets/dabl/node/ALiteralOexpr.java
/Users/cliffordberg/Projects/dabl/parser/java/com/scaledmarkets/dabl/node/ANoPreferenceOfilePreference.java
/Users/cliffordberg/Projects/dabl/parser/java/com/scaledmarkets/dabl/node/TDotdot.java
/Users/cliffordberg/Projects/dabl/parser/java/com/scaledmarkets/dabl/node/AOneOrangeSpec.java
/Users/cliffordberg/Projects/dabl/parser/java/com/scaledmarkets/dabl/node/TFunction.java
/Users/cliffordberg/Projects/dabl/parser/java/com/scaledmarkets/dabl/node/AWhenOpreposition.java
/Users/cliffordberg/Projects/dabl/parser/java/com/scaledmarkets/dabl/node/AOtaskDeclaration.java
/Users/cliffordberg/Projects/dabl/parser/java/com/scaledmarkets/dabl/node/AHoursOtimeUnit.java
/Users/cliffordberg/Projects/dabl/parser/java/com/scaledmarkets/dabl/parser/State.java
/Users/cliffordberg/Projects/dabl/parser/java/com/scaledmarkets/dabl/node/ALtObinaryOp.java
/Users/cliffordberg/Projects/dabl/parser/java/com/scaledmarkets/dabl/node/TWith.java
/Users/cliffordberg/Projects/dabl/parser/java/com/scaledmarkets/dabl/node/TFrom.java
/Users/cliffordberg/Projects/dabl/parser/java/com/scaledmarkets/dabl/node/APrivateOscope.java
/Users/cliffordberg/Projects/dabl/parser/java/com/scaledmarkets/dabl/parser/ParserException.java
/Users/cliffordberg/Projects/dabl/parser/java/com/scaledmarkets/dabl/node/AThanOpreposition.java
/Users/cliffordberg/Projects/dabl/parser/java/com/scaledmarkets/dabl/node/TFiles.java
/Users/cliffordberg/Projects/dabl/parser/java/com/scaledmarkets/dabl/node/ANegationOunaryOp.java
/Users/cliffordberg/Projects/dabl/parser/java/com/scaledmarkets/dabl/node/POcompatibilitySpec.java
/Users/cliffordberg/Projects/dabl/parser/java/com/scaledmarkets/dabl/node/AFalseOlogicLiteral.java
/Users/cliffordberg/Projects/dabl/parser/java/com/scaledmarkets/dabl/node/POexpr.java
/Users/cliffordberg/Projects/dabl/parser/java/com/scaledmarkets/dabl/node/AClosedOopen.java
/Users/cliffordberg/Projects/dabl/parser/java/com/scaledmarkets/dabl/node/AImportOnamespaceElt.java
/Users/cliffordberg/Projects/dabl/parser/java/com/scaledmarkets/dabl/lexer/IPushbackReader.java
/Users/cliffordberg/Projects/dabl/parser/java/com/scaledmarkets/dabl/node/Switchable.java
/Users/cliffordberg/Projects/dabl/parser/java/com/scaledmarkets/dabl/node/AExcludeOfilesetOperation.java
/Users/cliffordberg/Projects/dabl/parser/java/com/scaledmarkets/dabl/node/TScheme.java
/Users/cliffordberg/Projects/dabl/parser/java/com/scaledmarkets/dabl/node/TPassword.java
/Users/cliffordberg/Projects/dabl/parser/java/com/scaledmarkets/dabl/node/AMinOtimeUnit.java
/Users/cliffordberg/Projects/dabl/parser/java/com/scaledmarkets/dabl/node/TFailed.java
/Users/cliffordberg/Projects/dabl/parser/java/com/scaledmarkets/dabl/node/ANumOnumSlot.java
/Users/cliffordberg/Projects/dabl/parser/java/com/scaledmarkets/dabl/node/TRightCur.java
/Users/cliffordberg/Projects/dabl/parser/java/com/scaledmarkets/dabl/node/AGeObinaryOp.java
/Users/cliffordberg/Projects/dabl/parser/java/com/scaledmarkets/dabl/node/TCommaChar.java
/Users/cliffordberg/Projects/dabl/parser/java/com/scaledmarkets/dabl/node/TLatest.java
/Users/cliffordberg/Projects/dabl/parser/java/com/scaledmarkets/dabl/node/Switch.java
/Users/cliffordberg/Projects/dabl/parser/java/com/scaledmarkets/dabl/node/ATestedOcompatibilitySpec.java
/Users/cliffordberg/Projects/dabl/parser/java/com/scaledmarkets/dabl/node/POopen.java
/Users/cliffordberg/Projects/dabl/parser/java/com/scaledmarkets/dabl/node/AGtObinaryOp.java
/Users/cliffordberg/Projects/dabl/parser/java/com/scaledmarkets/dabl/node/PObinaryOp.java
/Users/cliffordberg/Projects/dabl/parser/java/com/scaledmarkets/dabl/node/AWithOpreposition.java
/Users/cliffordberg/Projects/dabl/parser/java/com/scaledmarkets/dabl/node/POstringValueOpt.java
/Users/cliffordberg/Projects/dabl/parser/java/com/scaledmarkets/dabl/node/AFilenameOtranslationStmt.java
/Users/cliffordberg/Projects/dabl/parser/java/com/scaledmarkets/dabl/node/AOartifactDeclaration.java
/Users/cliffordberg/Projects/dabl/parser/java/com/scaledmarkets/dabl/node/ANeObinaryOp.java
/Users/cliffordberg/Projects/dabl/parser/java/com/scaledmarkets/dabl/node/ASucceededOsuccessExpr.java
/Users/cliffordberg/Projects/dabl/parser/java/com/scaledmarkets/dabl/node/ASpecifiedOtimeout.java
/Users/cliffordberg/Projects/dabl/parser/java/com/scaledmarkets/dabl/node/POtimeUnit.java
/Users/cliffordberg/Projects/dabl/parser/java/com/scaledmarkets/dabl/node/ABinaryOexpr.java
/Users/cliffordberg/Projects/dabl/parser/java/com/scaledmarkets/dabl/node/ATranslationOnamespaceElt.java
/Users/cliffordberg/Projects/dabl/parser/java/com/scaledmarkets/dabl/node/TGets.java
/Users/cliffordberg/Projects/dabl/parser/java/com/scaledmarkets/dabl/node/TSemicolon.java
/Users/cliffordberg/Projects/dabl/parser/java/com/scaledmarkets/dabl/node/POartifactSpec.java
/Users/cliffordberg/Projects/dabl/parser/java/com/scaledmarkets/dabl/node/AIfErrorOprocStmt.java
/Users/cliffordberg/Projects/dabl/parser/java/com/scaledmarkets/dabl/node/TFor.java
/Users/cliffordberg/Projects/dabl/parser/java/com/scaledmarkets/dabl/node/ALogicOliteral.java
/Users/cliffordberg/Projects/dabl/parser/java/com/scaledmarkets/dabl/node/POtimeout.java
/Users/cliffordberg/Projects/dabl/parser/java/com/scaledmarkets/dabl/node/TFalseKeyword.java
/Users/cliffordberg/Projects/dabl/parser/java/com/scaledmarkets/dabl/node/ARangeOrangeSpec.java
/Users/cliffordberg/Projects/dabl/parser/java/com/scaledmarkets/dabl/node/TBinds.java
/Users/cliffordberg/Projects/dabl/parser/java/com/scaledmarkets/dabl/node/APublicOscope.java
/Users/cliffordberg/Projects/dabl/parser/java/com/scaledmarkets/dabl/node/TOutputs.java
/Users/cliffordberg/Projects/dabl/parser/java/com/scaledmarkets/dabl/parser/Parser.java
/Users/cliffordberg/Projects/dabl/parser/java/com/scaledmarkets/dabl/node/POnamespaceElt.java
/Users/cliffordberg/Projects/dabl/parser/java/com/scaledmarkets/dabl/node/TStringKeyword.java
/Users/cliffordberg/Projects/dabl/parser/java/com/scaledmarkets/dabl/node/TString.java
/Users/cliffordberg/Projects/dabl/parser/java/com/scaledmarkets/dabl/node/POartifactSet.java
/Users/cliffordberg/Projects/dabl/parser/java/com/scaledmarkets/dabl/node/POtranslationStmt.java
/Users/cliffordberg/Projects/dabl/parser/java/com/scaledmarkets/dabl/node/ATargetOtargetOpt.java
/Users/cliffordberg/Projects/dabl/parser/java/com/scaledmarkets/dabl/node/POfilesetOperation.java
/Users/cliffordberg/Projects/dabl/parser/java/com/scaledmarkets/dabl/node/TSlashslashstarcomment.java
/Users/cliffordberg/Projects/dabl/parser/java/com/scaledmarkets/dabl/node/ATrueOlogicLiteral.java
/Users/cliffordberg/Projects/dabl/parser/java/com/scaledmarkets/dabl/node/POnamespace.java
/Users/cliffordberg/Projects/dabl/parser/java/com/scaledmarkets/dabl/node/TAsterisk.java
/Users/cliffordberg/Projects/dabl/parser/java/com/scaledmarkets/dabl/node/TReturns.java
/Users/cliffordberg/Projects/dabl/parser/java/com/scaledmarkets/dabl/node/ALatestTestedOfilePreference.java
/Users/cliffordberg/Projects/dabl/parser/java/com/scaledmarkets/dabl/node/TError.java
/Users/cliffordberg/Projects/dabl/parser/java/com/scaledmarkets/dabl/node/TInclude.java
/Users/cliffordberg/Projects/dabl/parser/java/com/scaledmarkets/dabl/node/TMethod.java
/Users/cliffordberg/Projects/dabl/parser/java/com/scaledmarkets/dabl/node/POsuccessExpr.java
/Users/cliffordberg/Projects/dabl/parser/java/com/scaledmarkets/dabl/node/AEqObinaryOp.java
/Users/cliffordberg/Projects/dabl/parser/java/com/scaledmarkets/dabl/node/AArrayEltOexpr.java
/Users/cliffordberg/Projects/dabl/parser/java/com/scaledmarkets/dabl/node/AOidRef.java
/Users/cliffordberg/Projects/dabl/parser/java/com/scaledmarkets/dabl/node/TNotKeyword.java
/Users/cliffordberg/Projects/dabl/parser/java/com/scaledmarkets/dabl/node/Node.java
/Users/cliffordberg/Projects/dabl/parser/java/com/scaledmarkets/dabl/node/POtranslationDeclaration.java
/Users/cliffordberg/Projects/dabl/parser/java/com/scaledmarkets/dabl/node/ANumericOtypeSpec.java
